AR datapath arq /home/eujnia/Escritorio/TP-Organizacion/mips19-7/Datapath.vhd sub00/vhpl47 1562602875
EN controlador_io NULL /home/eujnia/Escritorio/TP-Organizacion/mips19-7/controladorio.vhd sub00/vhpl34 1562602868
AR suma3 behavioral /home/eujnia/Escritorio/TP-Organizacion/mips19-7/suma3.vhd sub00/vhpl01 1562602835
AR mips arq /home/eujnia/Escritorio/TP-Organizacion/mips19-7/mips.vhd sub00/vhpl49 1562602879
AR mips behavioral "/home/eujnia/Escritorio/TP-Elec/MIPS 2018/MIPS 2018/mips.vhd" sub00/vhpl41 1562601415
AR latch behavioral /home/eujnia/Escritorio/TP-Organizacion/mips19-7/latch.vhd sub00/vhpl45 1562602871
EN suma3 NULL /home/eujnia/Escritorio/TP-Organizacion/mips19-7/suma3.vhd sub00/vhpl00 1562602834
AR mux_2_1_32bits arch_mux_2_1_32bits /home/eujnia/Escritorio/TP-Organizacion/mips19-7/mux_2_1_32bits.vhd sub00/vhpl27 1562602861
EN mux_2_1_32bits NULL /home/eujnia/Escritorio/TP-Organizacion/mips19-7/mux_2_1_32bits.vhd sub00/vhpl26 1562602860
EN aludecoder NULL /home/eujnia/Escritorio/TP-Organizacion/mips19-7/aluDecoder.vhd sub00/vhpl10 1562602844
AR rom syn /home/eujnia/Escritorio/TP-Organizacion/mips19-7/ROM.vhd sub00/vhpl19 1562602853
EN display_mux NULL /home/eujnia/Escritorio/TP-Organizacion/mips19-7/display_mux.vhd sub00/vhpl06 1562602838
EN hex2led NULL /home/eujnia/Escritorio/TP-Organizacion/mips19-7/hex2led.vhd sub00/vhpl08 1562602842
AR mux_2_1_4bits arch_mux_2_1_4bits /home/eujnia/Escritorio/TP-Organizacion/mips19-7/mux_2_1_4bits.vhd sub00/vhpl31 1562602865
EN divisor_frecuecia NULL /home/eujnia/Escritorio/TP-Organizacion/mips19-7/divisor_frecuecia.vhd sub00/vhpl42 1562602872
EN rom NULL /home/eujnia/Escritorio/TP-Organizacion/mips19-7/ROM.vhd sub00/vhpl18 1562602852
EN unidadcontrol NULL /home/eujnia/Escritorio/TP-Organizacion/mips19-7/unidadControl.vhd sub00/vhpl38 1562602876
EN datapath NULL /home/eujnia/Escritorio/TP-Organizacion/mips19-7/Datapath.vhd sub00/vhpl36 1562602874
AR divisor_frecuecia behavioral /home/eujnia/Escritorio/TP-Organizacion/mips19-7/divisor_frecuecia.vhd sub00/vhpl43 1562601978
AR alu arch_alu /home/eujnia/Escritorio/TP-Organizacion/mips19-7/alu.vhd sub00/vhpl23 1562602857
AR anti_rebote behavioral /home/eujnia/Escritorio/TP-Organizacion/mips19-7/anti_rebote.vhd sub00/vhpl05 1562602837
AR aludecoder behavioral /home/eujnia/Escritorio/TP-Organizacion/mips19-7/aluDecoder.vhd sub00/vhpl11 1562602845
AR pc arch_pc /home/eujnia/Escritorio/TP-Organizacion/mips19-7/program_counter.vhd sub00/vhpl15 1562602849
EN pc NULL /home/eujnia/Escritorio/TP-Organizacion/mips19-7/program_counter.vhd sub00/vhpl14 1562602848
EN mux_2_1_4bits NULL /home/eujnia/Escritorio/TP-Organizacion/mips19-7/mux_2_1_4bits.vhd sub00/vhpl30 1562602864
EN anti_rebote NULL /home/eujnia/Escritorio/TP-Organizacion/mips19-7/anti_rebote.vhd sub00/vhpl04 1562602836
AR ram arch_ram /home/eujnia/Escritorio/TP-Organizacion/mips19-7/RAM.vhd sub00/vhpl17 1562602851
AR unidadcontrol behavioral "/home/eujnia/Escritorio/TP-Elec/MIPS 2018/MIPS 2018/unidadControl.vhd" sub00/vhpl39 1562601413
EN registros NULL /home/eujnia/Escritorio/TP-Organizacion/mips19-7/registros.vhd sub00/vhpl20 1562602854
AR mux_3_1_32bits behavioral /home/eujnia/Escritorio/TP-Organizacion/mips19-7/mux_3_1_32bits.vhd sub00/vhpl29 1562602863
EN bintocdu_bcd NULL /home/eujnia/Escritorio/TP-Organizacion/mips19-7/BIN2CDU_BCD.vhd sub00/vhpl02 1562602840
AR display_mux arch /home/eujnia/Escritorio/TP-Organizacion/mips19-7/display_mux.vhd sub00/vhpl07 1562602839
AR hex2led arch /home/eujnia/Escritorio/TP-Organizacion/mips19-7/hex2led.vhd sub00/vhpl09 1562602843
AR maindecoder behavioral /home/eujnia/Escritorio/TP-Organizacion/mips19-7/mainDecoder.vhd sub00/vhpl13 1562602847
EN mips NULL /home/eujnia/Escritorio/TP-Organizacion/mips19-7/mips.vhd sub00/vhpl40 1562602878
EN latch NULL /home/eujnia/Escritorio/TP-Organizacion/mips19-7/latch.vhd sub00/vhpl44 1562602870
EN aluplus NULL /home/eujnia/Escritorio/TP-Organizacion/mips19-7/aluPlus4.vhd sub00/vhpl24 1562602858
AR divisor_frecuecia arq /home/eujnia/Escritorio/TP-Organizacion/mips19-7/divisor_frecuecia.vhd sub00/vhpl46 1562602873
AR bintocdu_bcd behavioral /home/eujnia/Escritorio/TP-Organizacion/mips19-7/BIN2CDU_BCD.vhd sub00/vhpl03 1562602841
AR unidadcontrol arq /home/eujnia/Escritorio/TP-Organizacion/mips19-7/unidadControl.vhd sub00/vhpl48 1562602877
EN maindecoder NULL /home/eujnia/Escritorio/TP-Organizacion/mips19-7/mainDecoder.vhd sub00/vhpl12 1562602846
EN ram NULL /home/eujnia/Escritorio/TP-Organizacion/mips19-7/RAM.vhd sub00/vhpl16 1562602850
AR signextend arch_signextend /home/eujnia/Escritorio/TP-Organizacion/mips19-7/signExtend.vhd sub00/vhpl33 1562602867
AR aluplus behavioral /home/eujnia/Escritorio/TP-Organizacion/mips19-7/aluPlus4.vhd sub00/vhpl25 1562602859
AR datapath behavioral "/home/eujnia/Escritorio/TP-Elec/MIPS 2018/MIPS 2018/Datapath.vhd" sub00/vhpl37 1562601411
AR controlador_io behavioral /home/eujnia/Escritorio/TP-Organizacion/mips19-7/controladorio.vhd sub00/vhpl35 1562602869
EN mux_3_1_32bits NULL /home/eujnia/Escritorio/TP-Organizacion/mips19-7/mux_3_1_32bits.vhd sub00/vhpl28 1562602862
AR registros arch_registros /home/eujnia/Escritorio/TP-Organizacion/mips19-7/registros.vhd sub00/vhpl21 1562602855
EN alu NULL /home/eujnia/Escritorio/TP-Organizacion/mips19-7/alu.vhd sub00/vhpl22 1562602856
EN signextend NULL /home/eujnia/Escritorio/TP-Organizacion/mips19-7/signExtend.vhd sub00/vhpl32 1562602866
